** Drc report for CCTV_NodeV2.kicad_pcb **
** Created on 2026-06-03T15:04:51 **
** Report includes: Errors, Warnings, Exclusions **

** Found 66 DRC violations **
[text_height]: Text height out of range (board setup constraints silk text height min height 0.8000 mm; actual 0.7000 mm)
    Rule: board setup constraints silk text height; warning
    @(64.5000 mm, 49.5000 mm): Footprint text of U5 (1)
[text_thickness]: Text thickness out of range (board setup constraints silk text thickness min thickness 0.0800 mm; actual 0.0003 mm)
    Rule: board setup constraints silk text thickness; warning
    @(66.0250 mm, 48.3650 mm): Footprint text of U5 (GND)
[text_height]: Text height out of range (board setup constraints silk text height min height 0.8000 mm; actual 0.0010 mm)
    Rule: board setup constraints silk text height; warning
    @(66.0250 mm, 48.3650 mm): Footprint text of U5 (GND)
[text_height]: Text height out of range (board setup constraints silk text height min height 0.8000 mm; actual 0.6000 mm)
    Rule: board setup constraints silk text height; warning
    @(106.7750 mm, 115.2750 mm): Footprint text of U2 (IN+)
[text_height]: Text height out of range (board setup constraints silk text height min height 0.8000 mm; actual 0.6000 mm)
    Rule: board setup constraints silk text height; warning
    @(106.7750 mm, 104.2750 mm): Footprint text of U2 (IN-)
[text_height]: Text height out of range (board setup constraints silk text height min height 0.8000 mm; actual 0.6000 mm)
    Rule: board setup constraints silk text height; warning
    @(65.2750 mm, 113.5850 mm): Footprint text of U2 (OUT+)
[text_height]: Text height out of range (board setup constraints silk text height min height 0.8000 mm; actual 0.6000 mm)
    Rule: board setup constraints silk text height; warning
    @(65.2750 mm, 111.0450 mm): Footprint text of U2 (B+)
[text_height]: Text height out of range (board setup constraints silk text height min height 0.8000 mm; actual 0.6000 mm)
    Rule: board setup constraints silk text height; warning
    @(65.2750 mm, 108.5050 mm): Footprint text of U2 (B-)
[text_height]: Text height out of range (board setup constraints silk text height min height 0.8000 mm; actual 0.6000 mm)
    Rule: board setup constraints silk text height; warning
    @(65.2750 mm, 105.9650 mm): Footprint text of U2 (OUT-)
[text_height]: Text height out of range (board setup constraints silk text height min height 0.8000 mm; actual 0.6000 mm)
    Rule: board setup constraints silk text height; warning
    @(104.2750 mm, 116.7750 mm): Footprint text of U2 (1)
[text_height]: Text height out of range (board setup constraints silk text height min height 0.8000 mm; actual 0.5500 mm)
    Rule: board setup constraints silk text height; warning
    @(76.0250 mm, 38.2850 mm): Footprint text of U4 (3V3)
[text_height]: Text height out of range (board setup constraints silk text height min height 0.8000 mm; actual 0.5500 mm)
    Rule: board setup constraints silk text height; warning
    @(76.0250 mm, 40.8250 mm): Footprint text of U4 (3V3)
[text_height]: Text height out of range (board setup constraints silk text height min height 0.8000 mm; actual 0.5500 mm)
    Rule: board setup constraints silk text height; warning
    @(76.0250 mm, 43.3650 mm): Footprint text of U4 (RST)
[text_height]: Text height out of range (board setup constraints silk text height min height 0.8000 mm; actual 0.5500 mm)
    Rule: board setup constraints silk text height; warning
    @(76.0250 mm, 45.9050 mm): Footprint text of U4 (IO4)
[text_height]: Text height out of range (board setup constraints silk text height min height 0.8000 mm; actual 0.5500 mm)
    Rule: board setup constraints silk text height; warning
    @(76.0250 mm, 48.4450 mm): Footprint text of U4 (IO5)
[text_height]: Text height out of range (board setup constraints silk text height min height 0.8000 mm; actual 0.5500 mm)
    Rule: board setup constraints silk text height; warning
    @(76.0250 mm, 50.9850 mm): Footprint text of U4 (IO6)
[text_height]: Text height out of range (board setup constraints silk text height min height 0.8000 mm; actual 0.5500 mm)
    Rule: board setup constraints silk text height; warning
    @(76.0250 mm, 53.5250 mm): Footprint text of U4 (IO7)
[text_height]: Text height out of range (board setup constraints silk text height min height 0.8000 mm; actual 0.5500 mm)
    Rule: board setup constraints silk text height; warning
    @(76.0250 mm, 56.0650 mm): Footprint text of U4 (IO15)
[text_height]: Text height out of range (board setup constraints silk text height min height 0.8000 mm; actual 0.5500 mm)
    Rule: board setup constraints silk text height; warning
    @(76.0250 mm, 58.6050 mm): Footprint text of U4 (IO16)
[text_height]: Text height out of range (board setup constraints silk text height min height 0.8000 mm; actual 0.5500 mm)
    Rule: board setup constraints silk text height; warning
    @(76.0250 mm, 61.1450 mm): Footprint text of U4 (IO17)
[text_height]: Text height out of range (board setup constraints silk text height min height 0.8000 mm; actual 0.5500 mm)
    Rule: board setup constraints silk text height; warning
    @(76.0250 mm, 63.6850 mm): Footprint text of U4 (IO18)
[text_height]: Text height out of range (board setup constraints silk text height min height 0.8000 mm; actual 0.5500 mm)
    Rule: board setup constraints silk text height; warning
    @(76.0250 mm, 66.2250 mm): Footprint text of U4 (IO8)
[text_height]: Text height out of range (board setup constraints silk text height min height 0.8000 mm; actual 0.5500 mm)
    Rule: board setup constraints silk text height; warning
    @(76.0250 mm, 68.7650 mm): Footprint text of U4 (IO3)
[text_height]: Text height out of range (board setup constraints silk text height min height 0.8000 mm; actual 0.5500 mm)
    Rule: board setup constraints silk text height; warning
    @(76.0250 mm, 71.3050 mm): Footprint text of U4 (IO46)
[text_height]: Text height out of range (board setup constraints silk text height min height 0.8000 mm; actual 0.5500 mm)
    Rule: board setup constraints silk text height; warning
    @(76.0250 mm, 73.8450 mm): Footprint text of U4 (IO9)
[text_height]: Text height out of range (board setup constraints silk text height min height 0.8000 mm; actual 0.5500 mm)
    Rule: board setup constraints silk text height; warning
    @(76.0250 mm, 76.3850 mm): Footprint text of U4 (IO10)
[text_height]: Text height out of range (board setup constraints silk text height min height 0.8000 mm; actual 0.5500 mm)
    Rule: board setup constraints silk text height; warning
    @(76.0250 mm, 78.9250 mm): Footprint text of U4 (IO11)
[text_height]: Text height out of range (board setup constraints silk text height min height 0.8000 mm; actual 0.5500 mm)
    Rule: board setup constraints silk text height; warning
    @(76.0250 mm, 81.4650 mm): Footprint text of U4 (IO12)
[text_height]: Text height out of range (board setup constraints silk text height min height 0.8000 mm; actual 0.5500 mm)
    Rule: board setup constraints silk text height; warning
    @(76.0250 mm, 84.0050 mm): Footprint text of U4 (IO13)
[text_height]: Text height out of range (board setup constraints silk text height min height 0.8000 mm; actual 0.5500 mm)
    Rule: board setup constraints silk text height; warning
    @(76.0250 mm, 86.5450 mm): Footprint text of U4 (IO14)
[text_height]: Text height out of range (board setup constraints silk text height min height 0.8000 mm; actual 0.5500 mm)
    Rule: board setup constraints silk text height; warning
    @(76.0250 mm, 89.0850 mm): Footprint text of U4 (5V0)
[text_height]: Text height out of range (board setup constraints silk text height min height 0.8000 mm; actual 0.5500 mm)
    Rule: board setup constraints silk text height; warning
    @(76.0250 mm, 91.6250 mm): Footprint text of U4 (GND)
[text_height]: Text height out of range (board setup constraints silk text height min height 0.8000 mm; actual 0.5500 mm)
    Rule: board setup constraints silk text height; warning
    @(94.0250 mm, 38.2850 mm): Footprint text of U4 (GND)
[text_height]: Text height out of range (board setup constraints silk text height min height 0.8000 mm; actual 0.5500 mm)
    Rule: board setup constraints silk text height; warning
    @(94.0250 mm, 40.8250 mm): Footprint text of U4 (TX0)
[text_height]: Text height out of range (board setup constraints silk text height min height 0.8000 mm; actual 0.5500 mm)
    Rule: board setup constraints silk text height; warning
    @(94.0250 mm, 43.3650 mm): Footprint text of U4 (RX0)
[text_height]: Text height out of range (board setup constraints silk text height min height 0.8000 mm; actual 0.5500 mm)
    Rule: board setup constraints silk text height; warning
    @(94.0250 mm, 45.9050 mm): Footprint text of U4 (IO1)
[text_height]: Text height out of range (board setup constraints silk text height min height 0.8000 mm; actual 0.5500 mm)
    Rule: board setup constraints silk text height; warning
    @(94.0250 mm, 48.4450 mm): Footprint text of U4 (IO2)
[text_height]: Text height out of range (board setup constraints silk text height min height 0.8000 mm; actual 0.5500 mm)
    Rule: board setup constraints silk text height; warning
    @(94.0250 mm, 50.9850 mm): Footprint text of U4 (IO42)
[text_height]: Text height out of range (board setup constraints silk text height min height 0.8000 mm; actual 0.5500 mm)
    Rule: board setup constraints silk text height; warning
    @(94.0250 mm, 53.5250 mm): Footprint text of U4 (IO41)
[text_height]: Text height out of range (board setup constraints silk text height min height 0.8000 mm; actual 0.5500 mm)
    Rule: board setup constraints silk text height; warning
    @(94.0250 mm, 56.0650 mm): Footprint text of U4 (IO40)
[text_height]: Text height out of range (board setup constraints silk text height min height 0.8000 mm; actual 0.5500 mm)
    Rule: board setup constraints silk text height; warning
    @(94.0250 mm, 58.6050 mm): Footprint text of U4 (IO39)
[text_height]: Text height out of range (board setup constraints silk text height min height 0.8000 mm; actual 0.5500 mm)
    Rule: board setup constraints silk text height; warning
    @(94.0250 mm, 61.1450 mm): Footprint text of U4 (IO38)
[text_height]: Text height out of range (board setup constraints silk text height min height 0.8000 mm; actual 0.5500 mm)
    Rule: board setup constraints silk text height; warning
    @(94.0250 mm, 63.6850 mm): Footprint text of U4 (IO37)
[text_height]: Text height out of range (board setup constraints silk text height min height 0.8000 mm; actual 0.5500 mm)
    Rule: board setup constraints silk text height; warning
    @(94.0250 mm, 66.2250 mm): Footprint text of U4 (IO36)
[text_height]: Text height out of range (board setup constraints silk text height min height 0.8000 mm; actual 0.5500 mm)
    Rule: board setup constraints silk text height; warning
    @(94.0250 mm, 68.7650 mm): Footprint text of U4 (IO35)
[text_height]: Text height out of range (board setup constraints silk text height min height 0.8000 mm; actual 0.5500 mm)
    Rule: board setup constraints silk text height; warning
    @(94.0250 mm, 71.3050 mm): Footprint text of U4 (BOOT)
[text_height]: Text height out of range (board setup constraints silk text height min height 0.8000 mm; actual 0.5500 mm)
    Rule: board setup constraints silk text height; warning
    @(94.0250 mm, 73.8450 mm): Footprint text of U4 (IO45)
[text_height]: Text height out of range (board setup constraints silk text height min height 0.8000 mm; actual 0.5500 mm)
    Rule: board setup constraints silk text height; warning
    @(94.0250 mm, 76.3850 mm): Footprint text of U4 (IO48)
[text_height]: Text height out of range (board setup constraints silk text height min height 0.8000 mm; actual 0.5500 mm)
    Rule: board setup constraints silk text height; warning
    @(94.0250 mm, 78.9250 mm): Footprint text of U4 (IO47)
[text_height]: Text height out of range (board setup constraints silk text height min height 0.8000 mm; actual 0.5500 mm)
    Rule: board setup constraints silk text height; warning
    @(94.0250 mm, 81.4650 mm): Footprint text of U4 (IO21)
[text_height]: Text height out of range (board setup constraints silk text height min height 0.8000 mm; actual 0.5500 mm)
    Rule: board setup constraints silk text height; warning
    @(94.0250 mm, 84.0050 mm): Footprint text of U4 (IO20)
[text_height]: Text height out of range (board setup constraints silk text height min height 0.8000 mm; actual 0.5500 mm)
    Rule: board setup constraints silk text height; warning
    @(94.0250 mm, 86.5450 mm): Footprint text of U4 (IO19)
[text_height]: Text height out of range (board setup constraints silk text height min height 0.8000 mm; actual 0.5500 mm)
    Rule: board setup constraints silk text height; warning
    @(94.0250 mm, 89.0850 mm): Footprint text of U4 (GND)
[text_height]: Text height out of range (board setup constraints silk text height min height 0.8000 mm; actual 0.5500 mm)
    Rule: board setup constraints silk text height; warning
    @(94.0250 mm, 91.6250 mm): Footprint text of U4 (GND)
[silk_overlap]: Silkscreen clearance
    Rule: board setup constraints silk; warning
    @(104.2750 mm, 116.7750 mm): Footprint text of U2 (1)
    @(104.2750 mm, 120.7750 mm): Rectangle of U2 on F.Silkscreen
[silk_overlap]: Silkscreen clearance
    Rule: board setup constraints silk; warning
    @(104.2750 mm, 116.7750 mm): Footprint text of U2 (1)
    @(104.2750 mm, 120.7750 mm): Segment of U2 on F.Silkscreen
[silk_overlap]: Silkscreen clearance
    Rule: board setup constraints silk; warning
    @(65.2750 mm, 113.5850 mm): Footprint text of U2 (OUT+)
    @(28.5600 mm, 103.0600 mm): Rectangle of U3 on F.Silkscreen
[silk_overlap]: Silkscreen clearance
    Rule: board setup constraints silk; warning
    @(65.2750 mm, 105.9650 mm): Footprint text of U2 (OUT-)
    @(28.5600 mm, 103.0600 mm): Rectangle of U3 on F.Silkscreen
[silk_over_copper]: Silkscreen clipped by solder mask
    Local override; warning
    @(104.2750 mm, 120.7750 mm): Rectangle of U2 on F.Silkscreen
    @(103.2750 mm, 115.2750 mm): PTH pad 1 [unconnected-(U2-IN+-Pad1)] of U2
[silk_over_copper]: Silkscreen clipped by solder mask
    Local override; warning
    @(104.2750 mm, 120.7750 mm): Rectangle of U2 on F.Silkscreen
    @(103.2750 mm, 104.2750 mm): PTH pad 2 [unconnected-(U2-IN--Pad2)] of U2
[silk_over_copper]: Silkscreen clipped by solder mask
    Local override; warning
    @(104.2750 mm, 120.7750 mm): Rectangle of U2 on F.Silkscreen
    @(69.2750 mm, 105.9650 mm): PTH pad 6 [/PROT-] of U2
[silk_over_copper]: Silkscreen clipped by solder mask
    Local override; warning
    @(104.2750 mm, 120.7750 mm): Rectangle of U2 on F.Silkscreen
    @(69.2750 mm, 113.5850 mm): PTH pad 3 [/P+] of U2
[silk_over_copper]: Silkscreen clipped by solder mask
    Local override; warning
    @(104.2750 mm, 120.7750 mm): Rectangle of U2 on F.Silkscreen
    @(69.2750 mm, 111.0450 mm): PTH pad 4 [BATT+] of U2
[silk_over_copper]: Silkscreen clipped by solder mask
    Local override; warning
    @(104.2750 mm, 120.7750 mm): Rectangle of U2 on F.Silkscreen
    @(69.2750 mm, 108.5050 mm): PTH pad 5 [/BATT-] of U2
[silk_over_copper]: Silkscreen clipped by solder mask
    Local override; warning
    @(72.3250 mm, 37.7250 mm): Rectangle of U4 on F.Silkscreen
    @(73.5950 mm, 38.2850 mm): PTH pad 1 [+3V3] of U4
[silk_over_copper]: Silkscreen clipped by solder mask
    Local override; warning
    @(72.3250 mm, 37.7250 mm): Rectangle of U4 on F.Silkscreen
    @(96.4550 mm, 38.2850 mm): PTH pad 23 [GND] of U4

** Found 0 unconnected pads **

** Found 0 Footprint errors **

** Ignored checks **
    - Footprint has no courtyard defined
    - Track endpoint not centered on via
    - Tuning profile track geometries
    - Footprint doesn't match symbol's footprint filters
    - Footprint component type doesn't match footprint pads

** End of Report **
